../Core/Src/stm32f4xx_it.c:73:6:NMI_Handler	4	static
../Core/Src/stm32f4xx_it.c:88:6:HardFault_Handler	4	static
../Core/Src/stm32f4xx_it.c:103:6:MemManage_Handler	4	static
../Core/Src/stm32f4xx_it.c:118:6:BusFault_Handler	4	static
../Core/Src/stm32f4xx_it.c:133:6:UsageFault_Handler	4	static
../Core/Src/stm32f4xx_it.c:148:6:DebugMon_Handler	4	static
../Core/Src/stm32f4xx_it.c:168:6:EXTI0_IRQHandler	8	static
../Core/Src/stm32f4xx_it.c:184:6:TIM6_DAC_IRQHandler	8	static
../Core/Src/stm32f4xx_it.c:198:6:OTG_HS_IRQHandler	8	static
../Core/Src/stm32f4xx_it.c:212:6:LTDC_IRQHandler	8	static
../Core/Src/stm32f4xx_it.c:226:6:DMA2D_IRQHandler	8	static
